core_cm4.h:1688:22:__NVIC_EnableIRQ	16	static
core_cm4.h:1816:22:__NVIC_SetPriority	16	static
stm32g4xx_ll_bus.h:453:22:LL_AHB2_GRP1_EnableClock	24	static
stm32g4xx_ll_gpio.h:286:22:LL_GPIO_SetPinMode	40	static,ignoring_inline_asm
stm32g4xx_ll_gpio.h:497:22:LL_GPIO_SetPinPull	40	static,ignoring_inline_asm
stm32g4xx_ll_ucpd.h:341:22:LL_UCPD_Enable	16	static
stm32g4xx_ll_ucpd.h:385:22:LL_UCPD_SetRxOrderSet	16	static
stm32g4xx_ll_ucpd.h:638:22:LL_UCPD_SetccEnable	16	static
stm32g4xx_ll_ucpd.h:725:22:LL_UCPD_RxDisable	16	static
stm32g4xx_ll_ucpd.h:806:22:LL_UCPD_EnableIT_TypeCEventCC2	16	static
stm32g4xx_ll_ucpd.h:817:22:LL_UCPD_EnableIT_TypeCEventCC1	16	static
stm32g4xx_ll_pwr.h:497:22:LL_PWR_DisableUSBDeadBattery	4	static
usbpd_cad_hw_if.c:177:6:CAD_Init	56	static
usbpd_cad_hw_if.c:241:6:CAD_Enter_ErrorRecovery	16	static
usbpd_cad_hw_if.c:257:10:CAD_Set_ResistorRp	16	static
usbpd_cad_hw_if.c:277:10:CAD_StateMachine	32	static
usbpd_cad_hw_if.c:511:9:CAD_Check_VBus	16	static
usbpd_cad_hw_if.c:522:6:CAD_Check_HW	32	static
usbpd_cad_hw_if.c:661:17:ManageStateDetached	24	static
usbpd_cad_hw_if.c:954:17:ManageStateAttachedWait_SNK	40	static
usbpd_cad_hw_if.c:1002:17:ManageStateAttached_SNK	32	static
