stm32g4xx_ll_ucpd.h:1308:22:LL_UCPD_ClearFlag_TypeCEventCC2	16	static
stm32g4xx_ll_ucpd.h:1319:22:LL_UCPD_ClearFlag_TypeCEventCC1	16	static
stm32g4xx_ll_ucpd.h:1330:22:LL_UCPD_ClearFlag_RxMsgEnd	16	static
stm32g4xx_ll_ucpd.h:1341:22:LL_UCPD_ClearFlag_RxOvr	16	static
stm32g4xx_ll_ucpd.h:1352:22:LL_UCPD_ClearFlag_RxHRST	16	static
stm32g4xx_ll_ucpd.h:1363:22:LL_UCPD_ClearFlag_RxOrderSet	16	static
stm32g4xx_ll_ucpd.h:1374:22:LL_UCPD_ClearFlag_TxUND	16	static
stm32g4xx_ll_ucpd.h:1385:22:LL_UCPD_ClearFlag_TxHRSTSENT	16	static
stm32g4xx_ll_ucpd.h:1396:22:LL_UCPD_ClearFlag_TxHRSTDISC	16	static
stm32g4xx_ll_ucpd.h:1407:22:LL_UCPD_ClearFlag_TxMSGABT	16	static
stm32g4xx_ll_ucpd.h:1418:22:LL_UCPD_ClearFlag_TxMSGSENT	16	static
stm32g4xx_ll_ucpd.h:1429:22:LL_UCPD_ClearFlag_TxMSGDISC	16	static
usbpd_hw_if_it.c:37:6:USBPD_PORT0_IRQHandler	8	static
usbpd_hw_if_it.c:42:6:USBPD_PORT1_IRQHandler	8	static
usbpd_hw_if_it.c:47:6:PORTx_IRQHandler	32	static
