stm32g4xx_ll_bus.h:1429:22:LL_APB2_GRP1_EnableClock	24	static
stm32g4xx_ll_bus.h:1505:22:LL_APB2_GRP1_DisableClock	16	static
stm32g4xx_ll_tim.h:1981:22:LL_TIM_EnableCounter	16	static
stm32g4xx_ll_tim.h:2121:22:LL_TIM_SetCounterMode	16	static
stm32g4xx_ll_tim.h:2267:22:LL_TIM_SetPrescaler	16	static
stm32g4xx_ll_tim.h:2278:26:LL_TIM_GetPrescaler	16	static
stm32g4xx_ll_tim.h:2295:22:LL_TIM_SetAutoReload	16	static
stm32g4xx_ll_tim.h:2682:22:LL_TIM_OC_SetMode	32	static
stm32g4xx_ll_tim.h:2759:22:LL_TIM_OC_SetPolarity	24	static
stm32g4xx_ll_tim.h:3140:22:LL_TIM_OC_SetCompareCH1	16	static
stm32g4xx_ll_tim.h:3158:22:LL_TIM_OC_SetCompareCH2	16	static
stm32g4xx_ll_tim.h:3176:22:LL_TIM_OC_SetCompareCH3	16	static
stm32g4xx_ll_tim.h:3194:22:LL_TIM_OC_SetCompareCH4	16	static
stm32g4xx_ll_tim.h:5414:22:LL_TIM_ClearFlag_CC1	16	static
stm32g4xx_ll_tim.h:5425:26:LL_TIM_IsActiveFlag_CC1	16	static
stm32g4xx_ll_tim.h:5436:22:LL_TIM_ClearFlag_CC2	16	static
stm32g4xx_ll_tim.h:5447:26:LL_TIM_IsActiveFlag_CC2	16	static
stm32g4xx_ll_tim.h:5458:22:LL_TIM_ClearFlag_CC3	16	static
stm32g4xx_ll_tim.h:5469:26:LL_TIM_IsActiveFlag_CC3	16	static
stm32g4xx_ll_tim.h:5480:22:LL_TIM_ClearFlag_CC4	16	static
stm32g4xx_ll_tim.h:5491:26:LL_TIM_IsActiveFlag_CC4	16	static
usbpd_timersserver.c:48:6:USBPD_TIM_Init	16	static
usbpd_timersserver.c:92:6:USBPD_TIM_DeInit	8	static
usbpd_timersserver.c:107:6:USBPD_TIM_Start	16	static
usbpd_timersserver.c:134:10:USBPD_TIM_IsExpired	24	static
