usbpd_phy.c:109:21:USBPD_PHY_Init	24	static
usbpd_phy.c:137:10:USBPD_PHY_GetRetryTimerValue	16	static
usbpd_phy.c:148:6:USBPD_PHY_Reset	16	static
usbpd_phy.c:161:21:USBPD_PHY_ResetRequest	16	static
usbpd_phy.c:175:21:USBPD_PHY_SendMessage	16	static
usbpd_phy.c:186:21:USBPD_PHY_Send_BIST_Pattern	16	static
usbpd_phy.c:199:21:USBPD_PHY_ExitTransmit	16	static
usbpd_phy.c:214:6:USBPD_PHY_SetResistor_SinkTxNG	16	static
usbpd_phy.c:225:6:USBPD_PHY_SetResistor_SinkTxOK	16	static
usbpd_phy.c:236:6:USBPD_PHY_SOPSupported	16	static
usbpd_phy.c:247:9:USBPD_PHY_IsResistor_SinkTxOk	16	static
usbpd_phy.c:257:6:USBPD_PHY_FastRoleSwapSignalling	16	static
usbpd_phy.c:267:6:USBPD_PHY_EnableRX	16	static
usbpd_phy.c:277:6:USBPD_PHY_DisableRX	16	static
usbpd_phy.c:298:6:PHY_ResetCompleted	16	static
usbpd_phy.c:316:6:PHY_BistCompleted	16	static
usbpd_phy.c:329:6:PHY_TxCompleted	16	static
usbpd_phy.c:342:29:PHY_Rx_Reset	16	static
usbpd_phy.c:353:6:PHY_Rx_HardReset	16	static
usbpd_phy.c:369:6:PHY_Rx_Completed	24	static
