stm32g4xx_it.c:80:6:NMI_Handler	4	static
stm32g4xx_it.c:93:6:HardFault_Handler	4	static
stm32g4xx_it.c:108:6:MemManage_Handler	4	static
stm32g4xx_it.c:123:6:BusFault_Handler	4	static
stm32g4xx_it.c:138:6:UsageFault_Handler	4	static
stm32g4xx_it.c:153:6:DebugMon_Handler	4	static
stm32g4xx_it.c:173:6:DMA1_Channel1_IRQHandler	4	static
stm32g4xx_it.c:187:6:DMA1_Channel2_IRQHandler	4	static
stm32g4xx_it.c:201:6:DMA1_Channel3_IRQHandler	4	static
stm32g4xx_it.c:217:6:DMA1_Channel4_IRQHandler	8	static
stm32g4xx_it.c:231:6:EXTI9_5_IRQHandler	8	static
stm32g4xx_it.c:245:6:SPI1_IRQHandler	8	static
stm32g4xx_it.c:259:6:USART1_IRQHandler	4	static
stm32g4xx_it.c:274:6:TIM6_DAC_IRQHandler	8	static
stm32g4xx_it.c:288:6:UCPD1_IRQHandler	8	static
