stm32g4xx_hal_tim_ex.c:149:19:HAL_TIMEx_HallSensor_Init	48	static
stm32g4xx_hal_tim_ex.c:241:19:HAL_TIMEx_HallSensor_DeInit	16	static
stm32g4xx_hal_tim_ex.c:277:13:HAL_TIMEx_HallSensor_MspInit	16	static
stm32g4xx_hal_tim_ex.c:292:13:HAL_TIMEx_HallSensor_MspDeInit	16	static
stm32g4xx_hal_tim_ex.c:307:19:HAL_TIMEx_HallSensor_Start	24	static
stm32g4xx_hal_tim_ex.c:334:19:HAL_TIMEx_HallSensor_Stop	16	static
stm32g4xx_hal_tim_ex.c:355:19:HAL_TIMEx_HallSensor_Start_IT	24	static
stm32g4xx_hal_tim_ex.c:385:19:HAL_TIMEx_HallSensor_Stop_IT	16	static
stm32g4xx_hal_tim_ex.c:411:19:HAL_TIMEx_HallSensor_Start_DMA	32	static
stm32g4xx_hal_tim_ex.c:471:19:HAL_TIMEx_HallSensor_Stop_DMA	16	static
stm32g4xx_hal_tim_ex.c:528:19:HAL_TIMEx_OCN_Start	24	static
stm32g4xx_hal_tim_ex.c:564:19:HAL_TIMEx_OCN_Stop	16	static
stm32g4xx_hal_tim_ex.c:594:19:HAL_TIMEx_OCN_Start_IT	24	static
stm32g4xx_hal_tim_ex.c:668:19:HAL_TIMEx_OCN_Stop_IT	24	static
stm32g4xx_hal_tim_ex.c:742:19:HAL_TIMEx_OCN_Start_DMA	32	static
stm32g4xx_hal_tim_ex.c:880:19:HAL_TIMEx_OCN_Stop_DMA	16	static
stm32g4xx_hal_tim_ex.c:984:19:HAL_TIMEx_PWMN_Start	24	static
stm32g4xx_hal_tim_ex.c:1019:19:HAL_TIMEx_PWMN_Stop	16	static
stm32g4xx_hal_tim_ex.c:1049:19:HAL_TIMEx_PWMN_Start_IT	24	static
stm32g4xx_hal_tim_ex.c:1122:19:HAL_TIMEx_PWMN_Stop_IT	24	static
stm32g4xx_hal_tim_ex.c:1197:19:HAL_TIMEx_PWMN_Start_DMA	32	static
stm32g4xx_hal_tim_ex.c:1334:19:HAL_TIMEx_PWMN_Stop_DMA	16	static
stm32g4xx_hal_tim_ex.c:1425:19:HAL_TIMEx_OnePulseN_Start	16	static
stm32g4xx_hal_tim_ex.c:1450:19:HAL_TIMEx_OnePulseN_Stop	16	static
stm32g4xx_hal_tim_ex.c:1479:19:HAL_TIMEx_OnePulseN_Start_IT	16	static
stm32g4xx_hal_tim_ex.c:1510:19:HAL_TIMEx_OnePulseN_Stop_IT	16	static
stm32g4xx_hal_tim_ex.c:1595:19:HAL_TIMEx_ConfigCommutEvent	24	static
stm32g4xx_hal_tim_ex.c:1681:19:HAL_TIMEx_ConfigCommutEvent_IT	24	static
stm32g4xx_hal_tim_ex.c:1768:19:HAL_TIMEx_ConfigCommutEvent_DMA	24	static
stm32g4xx_hal_tim_ex.c:1836:19:HAL_TIMEx_MasterConfigSynchronization	24	static
stm32g4xx_hal_tim_ex.c:1906:19:HAL_TIMEx_ConfigBreakDeadTime	24	static
stm32g4xx_hal_tim_ex.c:1988:19:HAL_TIMEx_ConfigBreakInput	48	static
stm32g4xx_hal_tim_ex.c:2250:19:HAL_TIMEx_RemapConfig	16	static
stm32g4xx_hal_tim_ex.c:2424:20:HAL_TIMEx_TISelection	32	static
stm32g4xx_hal_tim_ex.c:2479:19:HAL_TIMEx_GroupChannel5	16	static
stm32g4xx_hal_tim_ex.c:2517:19:HAL_TIMEx_DisarmBreakInput	24	static
stm32g4xx_hal_tim_ex.c:2570:19:HAL_TIMEx_ReArmBreakInput	24	static
stm32g4xx_hal_tim_ex.c:2646:19:HAL_TIMEx_DitheringEnable	16	static
stm32g4xx_hal_tim_ex.c:2670:19:HAL_TIMEx_DitheringDisable	16	static
stm32g4xx_hal_tim_ex.c:2688:19:HAL_TIMEx_OC_ConfigPulseOnCompare	32	static
stm32g4xx_hal_tim_ex.c:2733:19:HAL_TIMEx_ConfigSlaveModePreload	16	static
stm32g4xx_hal_tim_ex.c:2748:19:HAL_TIMEx_EnableSlaveModePreload	16	static
stm32g4xx_hal_tim_ex.c:2762:19:HAL_TIMEx_DisableSlaveModePreload	16	static
stm32g4xx_hal_tim_ex.c:2776:19:HAL_TIMEx_EnableDeadTimePreload	16	static
stm32g4xx_hal_tim_ex.c:2790:19:HAL_TIMEx_DisableDeadTimePreload	16	static
stm32g4xx_hal_tim_ex.c:2806:19:HAL_TIMEx_ConfigDeadTime	16	static
stm32g4xx_hal_tim_ex.c:2823:19:HAL_TIMEx_ConfigAsymmetricalDeadTime	16	static
stm32g4xx_hal_tim_ex.c:2838:19:HAL_TIMEx_EnableAsymmetricalDeadTime	16	static
stm32g4xx_hal_tim_ex.c:2852:19:HAL_TIMEx_DisableAsymmetricalDeadTime	16	static
stm32g4xx_hal_tim_ex.c:2870:19:HAL_TIMEx_ConfigEncoderIndex	16	static
stm32g4xx_hal_tim_ex.c:2909:19:HAL_TIMEx_EnableEncoderIndex	16	static
stm32g4xx_hal_tim_ex.c:2923:19:HAL_TIMEx_DisableEncoderIndex	16	static
stm32g4xx_hal_tim_ex.c:2937:19:HAL_TIMEx_EnableEncoderFirstIndex	16	static
stm32g4xx_hal_tim_ex.c:2951:19:HAL_TIMEx_DisableEncoderFirstIndex	16	static
stm32g4xx_hal_tim_ex.c:2985:13:HAL_TIMEx_CommutCallback	16	static
stm32g4xx_hal_tim_ex.c:2999:13:HAL_TIMEx_CommutHalfCpltCallback	16	static
stm32g4xx_hal_tim_ex.c:3014:13:HAL_TIMEx_BreakCallback	16	static
stm32g4xx_hal_tim_ex.c:3029:13:HAL_TIMEx_Break2Callback	16	static
stm32g4xx_hal_tim_ex.c:3044:13:HAL_TIMEx_EncoderIndexCallback	16	static
stm32g4xx_hal_tim_ex.c:3059:13:HAL_TIMEx_DirectionChangeCallback	16	static
stm32g4xx_hal_tim_ex.c:3074:13:HAL_TIMEx_IndexErrorCallback	16	static
stm32g4xx_hal_tim_ex.c:3089:13:HAL_TIMEx_TransitionErrorCallback	16	static
stm32g4xx_hal_tim_ex.c:3123:22:HAL_TIMEx_HallSensor_GetState	16	static
stm32g4xx_hal_tim_ex.c:3146:6:TIMEx_DMACommutationCplt	24	static
stm32g4xx_hal_tim_ex.c:3165:6:TIMEx_DMACommutationHalfCplt	24	static
stm32g4xx_hal_tim_ex.c:3193:13:TIM_CCxNChannelCmd	32	static
