stm32g4xx_hal_spi.c:316:19:HAL_SPI_Init	24	static
stm32g4xx_hal_spi.c:461:19:HAL_SPI_DeInit	16	static
stm32g4xx_hal_spi.c:505:13:HAL_SPI_MspInit	16	static
stm32g4xx_hal_spi.c:521:13:HAL_SPI_MspDeInit	16	static
stm32g4xx_hal_spi.c:793:19:HAL_SPI_Transmit	40	static
stm32g4xx_hal_spi.c:976:19:HAL_SPI_Receive	40	static
stm32g4xx_hal_spi.c:1201:19:HAL_SPI_TransmitReceive	48	static
stm32g4xx_hal_spi.c:1499:19:HAL_SPI_Transmit_IT	32	static
stm32g4xx_hal_spi.c:1582:19:HAL_SPI_Receive_IT	32	static
stm32g4xx_hal_spi.c:1687:19:HAL_SPI_TransmitReceive_IT	32	static
stm32g4xx_hal_spi.c:1796:19:HAL_SPI_Transmit_DMA	32	static
stm32g4xx_hal_spi.c:1919:19:HAL_SPI_Receive_DMA	32	static
stm32g4xx_hal_spi.c:2062:19:HAL_SPI_TransmitReceive_DMA	32	static
stm32g4xx_hal_spi.c:2254:19:HAL_SPI_Abort	48	static
stm32g4xx_hal_spi.c:2414:19:HAL_SPI_Abort_IT	40	static
stm32g4xx_hal_spi.c:2575:19:HAL_SPI_DMAPause	16	static
stm32g4xx_hal_spi.c:2595:19:HAL_SPI_DMAResume	16	static
stm32g4xx_hal_spi.c:2615:19:HAL_SPI_DMAStop	24	static
stm32g4xx_hal_spi.c:2655:6:HAL_SPI_IRQHandler	40	static
stm32g4xx_hal_spi.c:2762:13:HAL_SPI_TxCpltCallback	16	static
stm32g4xx_hal_spi.c:2778:13:HAL_SPI_RxCpltCallback	16	static
stm32g4xx_hal_spi.c:2794:13:HAL_SPI_TxRxCpltCallback	16	static
stm32g4xx_hal_spi.c:2810:13:HAL_SPI_TxHalfCpltCallback	16	static
stm32g4xx_hal_spi.c:2826:13:HAL_SPI_RxHalfCpltCallback	16	static
stm32g4xx_hal_spi.c:2842:13:HAL_SPI_TxRxHalfCpltCallback	16	static
stm32g4xx_hal_spi.c:2858:13:HAL_SPI_ErrorCallback	16	static
stm32g4xx_hal_spi.c:2876:13:HAL_SPI_AbortCpltCallback	16	static
stm32g4xx_hal_spi.c:2911:22:HAL_SPI_GetState	16	static
stm32g4xx_hal_spi.c:2923:10:HAL_SPI_GetError	16	static
stm32g4xx_hal_spi.c:2948:13:SPI_DMATransmitCplt	32	static
stm32g4xx_hal_spi.c:3005:13:SPI_DMAReceiveCplt	24	static
stm32g4xx_hal_spi.c:3100:13:SPI_DMATransmitReceiveCplt	24	static
stm32g4xx_hal_spi.c:3189:13:SPI_DMAHalfTransmitCplt	24	static
stm32g4xx_hal_spi.c:3207:13:SPI_DMAHalfReceiveCplt	24	static
stm32g4xx_hal_spi.c:3225:13:SPI_DMAHalfTransmitReceiveCplt	24	static
stm32g4xx_hal_spi.c:3243:13:SPI_DMAError	24	static
stm32g4xx_hal_spi.c:3266:13:SPI_DMAAbortOnError	24	static
stm32g4xx_hal_spi.c:3288:13:SPI_DMATxAbortCallback	40	static
stm32g4xx_hal_spi.c:3354:13:SPI_DMARxAbortCallback	40	static
stm32g4xx_hal_spi.c:3419:13:SPI_2linesRxISR_8BIT	16	static
stm32g4xx_hal_spi.c:3497:13:SPI_2linesTxISR_8BIT	16	static
stm32g4xx_hal_spi.c:3544:13:SPI_2linesRxISR_16BIT	16	static
stm32g4xx_hal_spi.c:3596:13:SPI_2linesTxISR_16BIT	16	static
stm32g4xx_hal_spi.c:3654:13:SPI_RxISR_8BIT	16	static
stm32g4xx_hal_spi.c:3706:13:SPI_RxISR_16BIT	16	static
stm32g4xx_hal_spi.c:3739:13:SPI_TxISR_8BIT	16	static
stm32g4xx_hal_spi.c:3764:13:SPI_TxISR_16BIT	16	static
stm32g4xx_hal_spi.c:3794:26:SPI_WaitFlagStateUntilTimeout	24	static
stm32g4xx_hal_spi.c:3846:26:SPI_WaitFifoStateUntilTimeout	24	static
stm32g4xx_hal_spi.c:3902:26:SPI_EndRxTransaction	32	static
stm32g4xx_hal_spi.c:3938:26:SPI_EndRxTxTransaction	32	static
stm32g4xx_hal_spi.c:3970:13:SPI_CloseRxTx_ISR	24	static
stm32g4xx_hal_spi.c:4047:13:SPI_CloseRx_ISR	16	static
stm32g4xx_hal_spi.c:4104:13:SPI_CloseTx_ISR	24	static
stm32g4xx_hal_spi.c:4153:13:SPI_AbortRx_ISR	32	static
stm32g4xx_hal_spi.c:4197:13:SPI_AbortTx_ISR	32	static
