stm32g4xx_ll_utils.h:270:22:LL_InitTick	16	static
stm32g4xx_ll_rcc.h:926:22:LL_RCC_HSE_EnableBypass	4	static
stm32g4xx_ll_rcc.h:936:22:LL_RCC_HSE_DisableBypass	4	static
stm32g4xx_ll_rcc.h:946:22:LL_RCC_HSE_Enable	4	static
stm32g4xx_ll_rcc.h:966:26:LL_RCC_HSE_IsReady	4	static
stm32g4xx_ll_rcc.h:1005:22:LL_RCC_HSI_Enable	4	static
stm32g4xx_ll_rcc.h:1025:26:LL_RCC_HSI_IsReady	4	static
stm32g4xx_ll_rcc.h:1342:22:LL_RCC_SetSysClkSource	16	static
stm32g4xx_ll_rcc.h:1355:26:LL_RCC_GetSysClkSource	4	static
stm32g4xx_ll_rcc.h:1375:22:LL_RCC_SetAHBPrescaler	16	static
stm32g4xx_ll_rcc.h:1391:22:LL_RCC_SetAPB1Prescaler	16	static
stm32g4xx_ll_rcc.h:1407:22:LL_RCC_SetAPB2Prescaler	16	static
stm32g4xx_ll_rcc.h:2055:22:LL_RCC_PLL_Enable	4	static
stm32g4xx_ll_rcc.h:2076:26:LL_RCC_PLL_IsReady	4	static
stm32g4xx_ll_rcc.h:2119:22:LL_RCC_PLL_ConfigDomain_SYS	24	static
stm32g4xx_ll_rcc.h:2428:22:LL_RCC_PLL_EnableDomain_SYS	4	static
stm32g4xx_ll_system.h:1289:22:LL_FLASH_SetLatency	16	static
stm32g4xx_ll_system.h:1317:26:LL_FLASH_GetLatency	4	static
stm32g4xx_ll_pwr.h:331:26:LL_PWR_GetRegulVoltageScaling	4	static
stm32g4xx_ll_utils.c:169:6:LL_Init1msTick	16	static
stm32g4xx_ll_utils.c:185:6:LL_mDelay	24	static
stm32g4xx_ll_utils.c:265:6:LL_SetSystemCoreClock	16	static
stm32g4xx_ll_utils.c:287:13:LL_PLL_ConfigSystemClock_HSI	32	static
stm32g4xx_ll_utils.c:363:13:LL_PLL_ConfigSystemClock_HSE	40	static
stm32g4xx_ll_utils.c:453:20:UTILS_SetFlashLatency	24	static
stm32g4xx_ll_utils.c:550:17:UTILS_GetPLLOutputFrequency	24	static
stm32g4xx_ll_utils.c:581:20:UTILS_PLL_IsBusy	16	static
stm32g4xx_ll_utils.c:604:20:UTILS_EnablePLLAndSwitchSystem	24	static
