stm32g4xx_ll_adc.h:2703:22:LL_ADC_SetCommonClock	16	static
stm32g4xx_ll_adc.h:2765:22:LL_ADC_SetCommonPathInternalCh	16	static
stm32g4xx_ll_adc.h:2787:26:LL_ADC_GetCommonPathInternalCh	16	static
stm32g4xx_ll_adc.h:3122:22:LL_ADC_SetOffset	24	static
stm32g4xx_ll_adc.h:3205:26:LL_ADC_GetOffsetChannel	16	static
stm32g4xx_ll_adc.h:3264:22:LL_ADC_SetOffsetState	24	static
stm32g4xx_ll_adc.h:3319:22:LL_ADC_SetOffsetSign	24	static
stm32g4xx_ll_adc.h:3374:22:LL_ADC_SetOffsetSaturation	24	static
stm32g4xx_ll_adc.h:3462:22:LL_ADC_SetSamplingTimeCommonConfig	16	static
stm32g4xx_ll_adc.h:3649:26:LL_ADC_REG_IsTriggerSourceSWStart	16	static
stm32g4xx_ll_adc.h:3993:22:LL_ADC_REG_SetSequencerRanks	24	static
stm32g4xx_ll_adc.h:4436:26:LL_ADC_INJ_IsTriggerSourceSWStart	16	static
stm32g4xx_ll_adc.h:5232:22:LL_ADC_SetChannelSamplingTime	24	static
stm32g4xx_ll_adc.h:5397:22:LL_ADC_SetChannelSingleDiff	24	static
stm32g4xx_ll_adc.h:5619:22:LL_ADC_SetAnalogWDMonitChannels	24	static
stm32g4xx_ll_adc.h:5859:22:LL_ADC_ConfigAnalogWDThresholds	24	static
stm32g4xx_ll_adc.h:6284:26:LL_ADC_GetMultimode	16	static
stm32g4xx_ll_adc.h:6381:26:LL_ADC_GetMultiDMATransfer	16	static
stm32g4xx_ll_adc.h:6498:22:LL_ADC_DisableDeepPowerDown	16	static
stm32g4xx_ll_adc.h:6512:26:LL_ADC_IsDeepPowerDownEnabled	16	static
stm32g4xx_ll_adc.h:6531:22:LL_ADC_EnableInternalRegulator	16	static
stm32g4xx_ll_adc.h:6561:26:LL_ADC_IsInternalRegulatorEnabled	16	static
stm32g4xx_ll_adc.h:6582:22:LL_ADC_Enable	16	static
stm32g4xx_ll_adc.h:6602:22:LL_ADC_Disable	16	static
stm32g4xx_ll_adc.h:6621:26:LL_ADC_IsEnabled	16	static
stm32g4xx_ll_adc.h:6632:26:LL_ADC_IsDisableOngoing	16	static
stm32g4xx_ll_adc.h:6707:22:LL_ADC_REG_StartConversion	16	static
stm32g4xx_ll_adc.h:6727:22:LL_ADC_REG_StopConversion	16	static
stm32g4xx_ll_adc.h:6743:26:LL_ADC_REG_IsConversionOngoing	16	static
stm32g4xx_ll_adc.h:6952:22:LL_ADC_INJ_StopConversion	16	static
stm32g4xx_ll_adc.h:6968:26:LL_ADC_INJ_IsConversionOngoing	16	static
stm32g4xx_ll_adc.h:7347:22:LL_ADC_ClearFlag_AWD1	16	static
stm32g4xx_ll_adc.h:7358:22:LL_ADC_ClearFlag_AWD2	16	static
stm32g4xx_ll_adc.h:7369:22:LL_ADC_ClearFlag_AWD3	16	static
stm32g4xx_ll_adc.h:7742:22:LL_ADC_EnableIT_AWD1	16	static
stm32g4xx_ll_adc.h:7753:22:LL_ADC_EnableIT_AWD2	16	static
stm32g4xx_ll_adc.h:7764:22:LL_ADC_EnableIT_AWD3	16	static
stm32g4xx_ll_adc.h:7863:22:LL_ADC_DisableIT_AWD1	16	static
stm32g4xx_ll_adc.h:7874:22:LL_ADC_DisableIT_AWD2	16	static
stm32g4xx_ll_adc.h:7885:22:LL_ADC_DisableIT_AWD3	16	static
stm32g4xx_hal_adc.c:404:19:HAL_ADC_Init	48	static
stm32g4xx_hal_adc.c:723:19:HAL_ADC_DeInit	32	static
stm32g4xx_hal_adc.c:925:13:HAL_ADC_MspInit	16	static
stm32g4xx_hal_adc.c:942:13:HAL_ADC_MspDeInit	16	static
stm32g4xx_hal_adc.c:1231:19:HAL_ADC_Start	32	static
stm32g4xx_hal_adc.c:1366:19:HAL_ADC_Stop	24	static
stm32g4xx_hal_adc.c:1420:19:HAL_ADC_PollForConversion	40	static
stm32g4xx_hal_adc.c:1599:19:HAL_ADC_PollForEvent	32	static
stm32g4xx_hal_adc.c:1744:19:HAL_ADC_Start_IT	32	static
stm32g4xx_hal_adc.c:1951:19:HAL_ADC_Stop_IT	24	static
stm32g4xx_hal_adc.c:2004:19:HAL_ADC_Start_DMA	32	static
stm32g4xx_hal_adc.c:2145:19:HAL_ADC_Stop_DMA	24	static
stm32g4xx_hal_adc.c:2230:10:HAL_ADC_GetValue	16	static
stm32g4xx_hal_adc.c:2251:19:HAL_ADC_StartSampling	16	static
stm32g4xx_hal_adc.c:2273:19:HAL_ADC_StopSampling	16	static
stm32g4xx_hal_adc.c:2290:6:HAL_ADC_IRQHandler	48	static
stm32g4xx_hal_adc.c:2660:13:HAL_ADC_ConvCpltCallback	16	static
stm32g4xx_hal_adc.c:2675:13:HAL_ADC_ConvHalfCpltCallback	16	static
stm32g4xx_hal_adc.c:2690:13:HAL_ADC_LevelOutOfWindowCallback	16	static
stm32g4xx_hal_adc.c:2712:13:HAL_ADC_ErrorCallback	16	static
stm32g4xx_hal_adc.c:2758:19:HAL_ADC_ConfigChannel	160	static,ignoring_inline_asm
stm32g4xx_hal_adc.c:2987:19:HAL_ADC_AnalogWDGConfig	56	static,ignoring_inline_asm
stm32g4xx_hal_adc.c:3242:10:HAL_ADC_GetState	16	static
stm32g4xx_hal_adc.c:3256:10:HAL_ADC_GetError	16	static
stm32g4xx_hal_adc.c:3286:19:ADC_ConversionStop	40	static
stm32g4xx_hal_adc.c:3416:19:ADC_Enable	24	static
stm32g4xx_hal_adc.c:3483:19:ADC_Disable	24	static
stm32g4xx_hal_adc.c:3541:6:ADC_DMAConvCplt	24	static
stm32g4xx_hal_adc.c:3619:6:ADC_DMAHalfConvCplt	24	static
stm32g4xx_hal_adc.c:3637:6:ADC_DMAError	24	static
