stm32g4xx_ll_rcc.h:966:26:LL_RCC_HSE_IsReady	4	static
stm32g4xx_ll_rcc.h:1005:22:LL_RCC_HSI_Enable	4	static
stm32g4xx_ll_rcc.h:1025:26:LL_RCC_HSI_IsReady	4	static
stm32g4xx_ll_rcc.h:1051:22:LL_RCC_HSI_SetCalibTrimming	16	static
stm32g4xx_ll_rcc.h:1099:26:LL_RCC_HSI48_IsReady	4	static
stm32g4xx_ll_rcc.h:1219:26:LL_RCC_LSE_IsReady	4	static
stm32g4xx_ll_rcc.h:1267:26:LL_RCC_LSI_IsReady	4	static
stm32g4xx_ll_rcc.h:1355:26:LL_RCC_GetSysClkSource	4	static
stm32g4xx_ll_rcc.h:1426:26:LL_RCC_GetAHBPrescaler	4	static
stm32g4xx_ll_rcc.h:1441:26:LL_RCC_GetAPB1Prescaler	4	static
stm32g4xx_ll_rcc.h:1456:26:LL_RCC_GetAPB2Prescaler	4	static
stm32g4xx_ll_rcc.h:1738:26:LL_RCC_GetUSARTClockSource	16	static
stm32g4xx_ll_rcc.h:1762:26:LL_RCC_GetUARTClockSource	16	static
stm32g4xx_ll_rcc.h:1779:26:LL_RCC_GetLPUARTClockSource	16	static
stm32g4xx_ll_rcc.h:1810:26:LL_RCC_GetI2CClockSource	24	static
stm32g4xx_ll_rcc.h:1827:26:LL_RCC_GetLPTIMClockSource	16	static
stm32g4xx_ll_rcc.h:1847:26:LL_RCC_GetSAIClockSource	16	static
stm32g4xx_ll_rcc.h:1863:26:LL_RCC_GetI2SClockSource	16	static
stm32g4xx_ll_rcc.h:1880:26:LL_RCC_GetFDCANClockSource	16	static
stm32g4xx_ll_rcc.h:1895:26:LL_RCC_GetRNGClockSource	16	static
stm32g4xx_ll_rcc.h:1909:26:LL_RCC_GetUSBClockSource	16	static
stm32g4xx_ll_rcc.h:1930:26:LL_RCC_GetADCClockSource	16	static
stm32g4xx_ll_rcc.h:2076:26:LL_RCC_PLL_IsReady	4	static
stm32g4xx_ll_rcc.h:2262:26:LL_RCC_PLL_GetMainSource	4	static
stm32g4xx_ll_rcc.h:2272:26:LL_RCC_PLL_GetN	4	static
stm32g4xx_ll_rcc.h:2314:26:LL_RCC_PLL_GetP	4	static
stm32g4xx_ll_rcc.h:2329:26:LL_RCC_PLL_GetQ	4	static
stm32g4xx_ll_rcc.h:2344:26:LL_RCC_PLL_GetR	4	static
stm32g4xx_ll_rcc.h:2370:26:LL_RCC_PLL_GetDivider	4	static
stm32g4xx_ll_rcc.h:2690:22:LL_RCC_ClearResetFlags	4	static
stm32g4xx_ll_rcc.c:135:13:LL_RCC_DeInit	16	static
stm32g4xx_ll_rcc.c:210:6:LL_RCC_GetSystemClocksFreq	16	static
stm32g4xx_ll_rcc.c:235:10:LL_RCC_GetUSARTClockFreq	24	static
stm32g4xx_ll_rcc.c:346:10:LL_RCC_GetUARTClockFreq	24	static
stm32g4xx_ll_rcc.c:431:10:LL_RCC_GetI2CClockFreq	24	static
stm32g4xx_ll_rcc.c:546:10:LL_RCC_GetLPUARTClockFreq	24	static
stm32g4xx_ll_rcc.c:590:10:LL_RCC_GetLPTIMClockFreq	24	static
stm32g4xx_ll_rcc.c:641:10:LL_RCC_GetSAIClockFreq	24	static
stm32g4xx_ll_rcc.c:689:10:LL_RCC_GetI2SClockFreq	24	static
stm32g4xx_ll_rcc.c:738:10:LL_RCC_GetFDCANClockFreq	24	static
stm32g4xx_ll_rcc.c:782:10:LL_RCC_GetRNGClockFreq	24	static
stm32g4xx_ll_rcc.c:823:10:LL_RCC_GetUSBClockFreq	24	static
stm32g4xx_ll_rcc.c:866:10:LL_RCC_GetADCClockFreq	24	static
stm32g4xx_ll_rcc.c:984:10:RCC_GetSystemClockFreq	16	static
stm32g4xx_ll_rcc.c:1016:10:RCC_GetHCLKClockFreq	16	static
stm32g4xx_ll_rcc.c:1027:10:RCC_GetPCLK1ClockFreq	16	static
stm32g4xx_ll_rcc.c:1038:10:RCC_GetPCLK2ClockFreq	16	static
stm32g4xx_ll_rcc.c:1048:10:RCC_PLL_GetFreqDomain_SYS	24	static
stm32g4xx_ll_rcc.c:1079:10:RCC_PLL_GetFreqDomain_ADC	24	static
stm32g4xx_ll_rcc.c:1110:10:RCC_PLL_GetFreqDomain_48M	24	static
