stm32g4xx_hal_rcc_ex.c:125:19:HAL_RCCEx_PeriphCLKConfig	32	static
stm32g4xx_hal_rcc_ex.c:487:6:HAL_RCCEx_GetPeriphCLKConfig	16	static
stm32g4xx_hal_rcc_ex.c:641:10:HAL_RCCEx_GetPeriphCLKFreq	40	static
stm32g4xx_hal_rcc_ex.c:1279:6:HAL_RCCEx_EnableLSECSS	4	static
stm32g4xx_hal_rcc_ex.c:1289:6:HAL_RCCEx_DisableLSECSS	4	static
stm32g4xx_hal_rcc_ex.c:1302:6:HAL_RCCEx_EnableLSECSS_IT	4	static
stm32g4xx_hal_rcc_ex.c:1319:6:HAL_RCCEx_LSECSS_IRQHandler	8	static
stm32g4xx_hal_rcc_ex.c:1336:13:HAL_RCCEx_LSECSS_Callback	4	static
stm32g4xx_hal_rcc_ex.c:1351:6:HAL_RCCEx_EnableLSCO	48	static
stm32g4xx_hal_rcc_ex.c:1398:6:HAL_RCCEx_DisableLSCO	16	static
stm32g4xx_hal_rcc_ex.c:1506:6:HAL_RCCEx_CRSConfig	24	static
stm32g4xx_hal_rcc_ex.c:1548:6:HAL_RCCEx_CRSSoftwareSynchronizationGenerate	4	static
stm32g4xx_hal_rcc_ex.c:1558:6:HAL_RCCEx_CRSGetSynchronizationInfo	16	static
stm32g4xx_hal_rcc_ex.c:1591:10:HAL_RCCEx_CRSWaitSynchronization	24	static
stm32g4xx_hal_rcc_ex.c:1674:6:HAL_RCCEx_CRS_IRQHandler	24	static
stm32g4xx_hal_rcc_ex.c:1739:13:HAL_RCCEx_CRS_SyncOkCallback	4	static
stm32g4xx_hal_rcc_ex.c:1750:13:HAL_RCCEx_CRS_SyncWarnCallback	4	static
stm32g4xx_hal_rcc_ex.c:1761:13:HAL_RCCEx_CRS_ExpectedSyncCallback	4	static
stm32g4xx_hal_rcc_ex.c:1777:13:HAL_RCCEx_CRS_ErrorCallback	16	static
