stm32g4xx_ll_adc.h:3556:22:LL_ADC_REG_SetTriggerSource	16	static
stm32g4xx_ll_adc.h:3781:22:LL_ADC_REG_SetSequencerLength	16	static
stm32g4xx_ll_adc.h:4344:22:LL_ADC_INJ_SetTriggerSource	16	static
stm32g4xx_ll_adc.h:4806:22:LL_ADC_INJ_SetQueueMode	16	static
stm32g4xx_ll_adc.h:6602:22:LL_ADC_Disable	16	static
stm32g4xx_ll_adc.h:6621:26:LL_ADC_IsEnabled	16	static
stm32g4xx_ll_adc.h:6632:26:LL_ADC_IsDisableOngoing	16	static
stm32g4xx_ll_adc.h:6727:22:LL_ADC_REG_StopConversion	16	static
stm32g4xx_ll_adc.h:6743:26:LL_ADC_REG_IsConversionOngoing	16	static
stm32g4xx_ll_adc.h:6754:26:LL_ADC_REG_IsStopConversionOngoing	16	static
stm32g4xx_ll_adc.h:6952:22:LL_ADC_INJ_StopConversion	16	static
stm32g4xx_ll_adc.h:6968:26:LL_ADC_INJ_IsConversionOngoing	16	static
stm32g4xx_ll_adc.h:6979:26:LL_ADC_INJ_IsStopConversionOngoing	16	static
stm32g4xx_ll_bus.h:583:22:LL_AHB2_GRP1_ForceReset	16	static
stm32g4xx_ll_bus.h:625:22:LL_AHB2_GRP1_ReleaseReset	16	static
stm32g4xx_ll_adc.c:577:13:LL_ADC_CommonDeInit	16	static
stm32g4xx_ll_adc.c:619:13:LL_ADC_CommonInit	32	static
stm32g4xx_ll_adc.c:701:6:LL_ADC_CommonStructInit	16	static
stm32g4xx_ll_adc.c:734:13:LL_ADC_DeInit	32	static
stm32g4xx_ll_adc.c:1014:13:LL_ADC_Init	24	static
stm32g4xx_ll_adc.c:1059:6:LL_ADC_StructInit	16	static
stm32g4xx_ll_adc.c:1101:13:LL_ADC_REG_Init	24	static
stm32g4xx_ll_adc.c:1188:6:LL_ADC_REG_StructInit	16	static
stm32g4xx_ll_adc.c:1234:13:LL_ADC_INJ_Init	24	static
stm32g4xx_ll_adc.c:1305:6:LL_ADC_INJ_StructInit	16	static
