stm32g4xx_ll_adc.h:2765:22:LL_ADC_SetCommonPathInternalCh	16	static
stm32g4xx_ll_adc.h:2787:26:LL_ADC_GetCommonPathInternalCh	16	static
stm32g4xx_ll_adc.h:2831:22:LL_ADC_SetCalibrationFactor	24	static
stm32g4xx_ll_adc.h:2854:26:LL_ADC_GetCalibrationFactor	16	static
stm32g4xx_ll_adc.h:3122:22:LL_ADC_SetOffset	24	static
stm32g4xx_ll_adc.h:3205:26:LL_ADC_GetOffsetChannel	16	static
stm32g4xx_ll_adc.h:3264:22:LL_ADC_SetOffsetState	24	static
stm32g4xx_ll_adc.h:3319:22:LL_ADC_SetOffsetSign	24	static
stm32g4xx_ll_adc.h:3374:22:LL_ADC_SetOffsetSaturation	24	static
stm32g4xx_ll_adc.h:3462:22:LL_ADC_SetSamplingTimeCommonConfig	16	static
stm32g4xx_ll_adc.h:3649:26:LL_ADC_REG_IsTriggerSourceSWStart	16	static
stm32g4xx_ll_adc.h:4436:26:LL_ADC_INJ_IsTriggerSourceSWStart	16	static
stm32g4xx_ll_adc.h:4760:26:LL_ADC_INJ_GetTrigAuto	16	static
stm32g4xx_ll_adc.h:4806:22:LL_ADC_INJ_SetQueueMode	16	static
stm32g4xx_ll_adc.h:5232:22:LL_ADC_SetChannelSamplingTime	24	static
stm32g4xx_ll_adc.h:5397:22:LL_ADC_SetChannelSingleDiff	24	static
stm32g4xx_ll_adc.h:6284:26:LL_ADC_GetMultimode	16	static
stm32g4xx_ll_adc.h:6475:22:LL_ADC_EnableDeepPowerDown	16	static
stm32g4xx_ll_adc.h:6550:22:LL_ADC_DisableInternalRegulator	16	static
stm32g4xx_ll_adc.h:6621:26:LL_ADC_IsEnabled	16	static
stm32g4xx_ll_adc.h:6660:22:LL_ADC_StartCalibration	16	static
stm32g4xx_ll_adc.h:6676:26:LL_ADC_IsCalibrationOnGoing	16	static
stm32g4xx_ll_adc.h:6707:22:LL_ADC_REG_StartConversion	16	static
stm32g4xx_ll_adc.h:6743:26:LL_ADC_REG_IsConversionOngoing	16	static
stm32g4xx_ll_adc.h:6932:22:LL_ADC_INJ_StartConversion	16	static
stm32g4xx_ll_adc.h:6968:26:LL_ADC_INJ_IsConversionOngoing	16	static
stm32g4xx_hal_adc_ex.c:136:19:HAL_ADCEx_Calibration_Start	24	static
stm32g4xx_hal_adc_ex.c:210:10:HAL_ADCEx_Calibration_GetValue	16	static
stm32g4xx_hal_adc_ex.c:230:19:HAL_ADCEx_Calibration_SetValue	40	static
stm32g4xx_hal_adc_ex.c:286:19:HAL_ADCEx_InjectedStart	32	static
stm32g4xx_hal_adc_ex.c:435:19:HAL_ADCEx_InjectedStop	24	static
stm32g4xx_hal_adc_ex.c:490:19:HAL_ADCEx_InjectedPollForConversion	48	static
stm32g4xx_hal_adc_ex.c:627:19:HAL_ADCEx_InjectedStart_IT	32	static
stm32g4xx_hal_adc_ex.c:800:19:HAL_ADCEx_InjectedStop_IT	24	static
stm32g4xx_hal_adc_ex.c:867:19:HAL_ADCEx_MultiModeStart_DMA	144	static
stm32g4xx_hal_adc_ex.c:982:19:HAL_ADCEx_MultiModeStop_DMA	144	static
stm32g4xx_hal_adc_ex.c:1095:10:HAL_ADCEx_MultiModeGetValue	24	static
stm32g4xx_hal_adc_ex.c:1142:10:HAL_ADCEx_InjectedGetValue	24	static
stm32g4xx_hal_adc_ex.c:1177:13:HAL_ADCEx_InjectedConvCpltCallback	16	static
stm32g4xx_hal_adc_ex.c:1196:13:HAL_ADCEx_InjectedQueueOverflowCallback	16	static
stm32g4xx_hal_adc_ex.c:1211:13:HAL_ADCEx_LevelOutOfWindow2Callback	16	static
stm32g4xx_hal_adc_ex.c:1226:13:HAL_ADCEx_LevelOutOfWindow3Callback	16	static
stm32g4xx_hal_adc_ex.c:1242:13:HAL_ADCEx_EndOfSamplingCallback	16	static
stm32g4xx_hal_adc_ex.c:1259:19:HAL_ADCEx_RegularStop	24	static
stm32g4xx_hal_adc_ex.c:1317:19:HAL_ADCEx_RegularStop_IT	24	static
stm32g4xx_hal_adc_ex.c:1377:19:HAL_ADCEx_RegularStop_DMA	24	static
stm32g4xx_hal_adc_ex.c:1464:19:HAL_ADCEx_RegularMultiModeStop_DMA	136	static
stm32g4xx_hal_adc_ex.c:1638:19:HAL_ADCEx_InjectedConfigChannel	168	static,ignoring_inline_asm
stm32g4xx_hal_adc_ex.c:2079:19:HAL_ADCEx_MultiModeConfigChannel	144	static
stm32g4xx_hal_adc_ex.c:2192:19:HAL_ADCEx_EnableInjectedQueue	32	static
stm32g4xx_hal_adc_ex.c:2233:19:HAL_ADCEx_DisableInjectedQueue	32	static
stm32g4xx_hal_adc_ex.c:2270:19:HAL_ADCEx_DisableVoltageRegulator	24	static
stm32g4xx_hal_adc_ex.c:2307:19:HAL_ADCEx_EnterADCDeepPowerDownMode	24	static
