usbpd_dpm_core.c:136:21:USBPD_DPM_InitCore	16	static
usbpd_dpm_core.c:231:21:USBPD_DPM_InitOS	8	static
usbpd_dpm_core.c:270:6:USBPD_DPM_Run	8	static
usbpd_dpm_core.c:282:6:USBPD_DPM_TimerCounter	8	static
usbpd_dpm_core.c:307:13:USBPD_PE_TaskWakeUp	16	static
usbpd_dpm_core.c:321:13:USBPD_DPM_CADTaskWakeUp	8	static
usbpd_dpm_core.c:337:6:USBPD_PE_Task	48	static
usbpd_dpm_core.c:396:6:USBPD_CAD_Task	40	static
usbpd_dpm_core.c:419:6:USBPD_DPM_CADCallback	16	static
usbpd_dpm_core.c:455:13:DPM_ManageAttachedState	24	static
