usbpd_dpm_user.c:144:21:USBPD_DPM_UserInit	8	static
usbpd_dpm_user.c:158:6:USBPD_DPM_WaitForTime	16	static
usbpd_dpm_user.c:171:6:USBPD_DPM_UserExecute	16	static
usbpd_dpm_user.c:187:6:USBPD_DPM_UserCableDetection	16	static
usbpd_dpm_user.c:219:6:USBPD_DPM_UserTimerCounter	16	static
usbpd_dpm_user.c:241:6:USBPD_DPM_HardReset	16	static
usbpd_dpm_user.c:253:21:USBPD_DPM_SetupNewPower	16	static
usbpd_dpm_user.c:265:21:USBPD_DPM_EvaluatePowerRoleSwap	16	static
usbpd_dpm_user.c:278:6:USBPD_DPM_Notification	24	static
usbpd_dpm_user.c:334:6:USBPD_DPM_GetDataInfo	32	static
usbpd_dpm_user.c:401:6:USBPD_DPM_SetDataInfo	32	static
usbpd_dpm_user.c:486:21:USBPD_DPM_EvaluateRequest	16	static
usbpd_dpm_user.c:501:6:USBPD_DPM_SNK_EvaluateCapabilities	72	static
usbpd_dpm_user.c:621:6:USBPD_DPM_PowerRoleSwap	16	static
usbpd_dpm_user.c:633:21:USBPD_DPM_EvaluateVconnSwap	16	static
usbpd_dpm_user.c:646:21:USBPD_DPM_PE_VconnPwr	16	static
usbpd_dpm_user.c:664:6:USBPD_DPM_ExtendedMessageReceived	16	static
usbpd_dpm_user.c:676:21:USBPD_DPM_EvaluateDataRoleSwap	16	static
usbpd_dpm_user.c:689:23:USBPD_DPM_IsPowerReady	16	static
usbpd_dpm_user.c:709:21:USBPD_DPM_RequestHardReset	16	static
usbpd_dpm_user.c:721:21:USBPD_DPM_RequestCableReset	16	static
usbpd_dpm_user.c:731:21:USBPD_DPM_RequestGotoMin	16	static
usbpd_dpm_user.c:743:21:USBPD_DPM_RequestPing	16	static
usbpd_dpm_user.c:755:21:USBPD_DPM_RequestMessageRequest	48	static
usbpd_dpm_user.c:777:21:USBPD_DPM_RequestGetSourceCapability	16	static
usbpd_dpm_user.c:787:21:USBPD_DPM_RequestGetSinkCapability	16	static
usbpd_dpm_user.c:797:21:USBPD_DPM_RequestDataRoleSwap	16	static
usbpd_dpm_user.c:807:21:USBPD_DPM_RequestPowerRoleSwap	16	static
usbpd_dpm_user.c:817:21:USBPD_DPM_RequestVconnSwap	16	static
usbpd_dpm_user.c:828:21:USBPD_DPM_RequestSoftReset	16	static
usbpd_dpm_user.c:838:21:USBPD_DPM_RequestSourceCapability	16	static
usbpd_dpm_user.c:850:21:USBPD_DPM_RequestVDM_DiscoveryIdentify	24	static
usbpd_dpm_user.c:870:21:USBPD_DPM_RequestVDM_DiscoverySVID	16	static
usbpd_dpm_user.c:882:21:USBPD_DPM_RequestVDM_DiscoveryMode	16	static
usbpd_dpm_user.c:895:21:USBPD_DPM_RequestVDM_EnterMode	24	static
usbpd_dpm_user.c:908:21:USBPD_DPM_RequestVDM_ExitMode	24	static
usbpd_dpm_user.c:921:21:USBPD_DPM_RequestDisplayPortStatus	16	static
usbpd_dpm_user.c:936:21:USBPD_DPM_RequestDisplayPortConfig	16	static
usbpd_dpm_user.c:951:21:USBPD_DPM_RequestAttention	16	static
usbpd_dpm_user.c:962:21:USBPD_DPM_RequestAlert	16	static
usbpd_dpm_user.c:972:21:USBPD_DPM_RequestGetSourceCapabilityExt	16	static
usbpd_dpm_user.c:982:21:USBPD_DPM_RequestGetSinkCapabilityExt	16	static
usbpd_dpm_user.c:994:21:USBPD_DPM_RequestGetManufacturerInfo	24	static
usbpd_dpm_user.c:1004:21:USBPD_DPM_RequestGetPPS_Status	16	static
usbpd_dpm_user.c:1014:21:USBPD_DPM_RequestGetStatus	16	static
usbpd_dpm_user.c:1024:21:USBPD_DPM_RequestFastRoleSwap	16	static
usbpd_dpm_user.c:1034:21:USBPD_DPM_RequestGetCountryCodes	16	static
usbpd_dpm_user.c:1045:21:USBPD_DPM_RequestGetCountryInfo	16	static
usbpd_dpm_user.c:1056:21:USBPD_DPM_RequestGetBatteryCapability	24	static
usbpd_dpm_user.c:1067:21:USBPD_DPM_RequestGetBatteryStatus	24	static
usbpd_dpm_user.c:1077:21:USBPD_DPM_RequestSecurityRequest	16	static
usbpd_dpm_user.c:1100:16:DPM_FindVoltageIndex	56	static
usbpd_dpm_user.c:1156:6:DPM_SNK_GetSelectedPDO	56	static
