usbpd_vdm_user.c:124:28:USBPD_VDM_DiscoverIdentity	16	static
usbpd_vdm_user.c:140:28:USBPD_VDM_DiscoverSVIDs	24	static
usbpd_vdm_user.c:157:28:USBPD_VDM_DiscoverModes	24	static
usbpd_vdm_user.c:173:28:USBPD_VDM_ModeEnter	16	static
usbpd_vdm_user.c:189:28:USBPD_VDM_ModeExit	16	static
usbpd_vdm_user.c:205:13:USBPD_VDM_SendAttention	24	static
usbpd_vdm_user.c:221:13:USBPD_VDM_ReceiveAttention	16	static
usbpd_vdm_user.c:238:28:USBPD_VDM_ReceiveSpecific	24	static
usbpd_vdm_user.c:255:13:USBPD_VDM_InformIdentity	24	static
usbpd_vdm_user.c:282:13:USBPD_VDM_InformSVID	24	static
usbpd_vdm_user.c:309:13:USBPD_VDM_InformMode	24	static
usbpd_vdm_user.c:337:13:USBPD_VDM_InformModeEnter	16	static
usbpd_vdm_user.c:362:13:USBPD_VDM_InformModeExit	16	static
usbpd_vdm_user.c:391:13:USBPD_VDM_SendSpecific	24	static
usbpd_vdm_user.c:409:13:USBPD_VDM_InformSpecific	24	static
usbpd_vdm_user.c:424:13:USBPD_VDM_SendUVDM	24	static
usbpd_vdm_user.c:439:28:USBPD_VDM_ReceiveUVDM	24	static
usbpd_vdm_user.c:456:21:USBPD_VDM_UserInit	16	static
usbpd_vdm_user.c:468:6:USBPD_VDM_UserReset	16	static
