stm32g4xx_ll_adc.h:6825:26:LL_ADC_REG_ReadConversionData12	16	static
usbpd_pwr_user.c:117:9:BSP_USBPD_PWR_Init	24	static
usbpd_pwr_user.c:138:9:BSP_USBPD_PWR_Deinit	24	static
usbpd_pwr_user.c:160:9:BSP_USBPD_PWR_VBUSInit	24	static
usbpd_pwr_user.c:187:9:BSP_USBPD_PWR_VBUSDeInit	24	static
usbpd_pwr_user.c:208:9:BSP_USBPD_PWR_VBUSOn	24	static
usbpd_pwr_user.c:234:9:BSP_USBPD_PWR_VBUSOff	24	static
usbpd_pwr_user.c:263:9:BSP_USBPD_PWR_VBUSSetVoltage_Fixed	32	static
usbpd_pwr_user.c:291:9:BSP_USBPD_PWR_VBUSSetVoltage_Variable	32	static
usbpd_pwr_user.c:320:9:BSP_USBPD_PWR_VBUSSetVoltage_Battery	32	static
usbpd_pwr_user.c:348:9:BSP_USBPD_PWR_VBUSSetVoltage_APDO	32	static
usbpd_pwr_user.c:373:9:BSP_USBPD_PWR_VBUSGetVoltage	32	static
usbpd_pwr_user.c:410:9:BSP_USBPD_PWR_VBUSGetCurrent	24	static
usbpd_pwr_user.c:440:9:BSP_USBPD_PWR_VCONNInit	24	static
usbpd_pwr_user.c:466:9:BSP_USBPD_PWR_VCONNDeInit	24	static
usbpd_pwr_user.c:492:9:BSP_USBPD_PWR_VCONNOn	24	static
usbpd_pwr_user.c:518:9:BSP_USBPD_PWR_VCONNOff	24	static
usbpd_pwr_user.c:545:9:BSP_USBPD_PWR_VCONNIsOn	32	static
usbpd_pwr_user.c:572:9:BSP_USBPD_PWR_SetVBUSDisconnectionThreshold	24	static
usbpd_pwr_user.c:599:9:BSP_USBPD_PWR_RegisterVBUSDetectCallback	24	static
usbpd_pwr_user.c:622:9:BSP_USBPD_PWR_VBUSIsOn	24	static
